// Jest Snapshot v1, https://goo.gl/fbAQLP

exports[`Converters To normalizr Schema to normalizr model should convert basic schema correctly 1`] = `
Object {
  "Skill": EntitySchema {
    "_getId": [Function],
    "_idAttribute": "id",
    "_key": "Skill",
    "_mergeStrategy": [Function],
    "_processStrategy": [Function],
    "schema": Object {
      "target": EntitySchema {
        "_getId": [Function],
        "_idAttribute": "id",
        "_key": "User",
        "_mergeStrategy": [Function],
        "_processStrategy": [Function],
        "schema": Object {
          "friends": Array [
            [Circular],
          ],
        },
      },
    },
  },
  "User": EntitySchema {
    "_getId": [Function],
    "_idAttribute": "id",
    "_key": "User",
    "_mergeStrategy": [Function],
    "_processStrategy": [Function],
    "schema": Object {
      "friends": Array [
        [Circular],
      ],
    },
  },
}
`;
