// Jest Snapshot v1, https://goo.gl/fbAQLP

exports[`TestUtils createTestLab tests a correct DataFetcher correctly 1`] = `
Immutable.List [
]
`;

exports[`TestUtils createTestLab tests a correct DataHandlers correctly 1`] = `
Object {
  "createUser": Object {
    "id": "ah",
    "name": "Alan",
  },
}
`;
